<html>
<body>
<pre>
<h1>µVision Build Log</h1>
<h2>Tool Versions:</h2>
IDE-Version: µVision V5.29.0.0
Copyright (C) 2019 ARM Ltd and ARM Germany GmbH. All rights reserved.
License Information: Alexander Grishin, DSaC, LIC=----
 
Tool Versions:
Toolchain:       MDK-Lite  Version: 5.29.0.0
Toolchain Path:  C:\Keil_v5\ARM\ARMCC\Bin
C Compiler:      Armcc.exe V5.06 update 3 (build 300)
Assembler:       Armasm.exe V5.06 update 3 (build 300)
Linker/Locator:  ArmLink.exe V5.06 update 3 (build 300)
Library Manager: ArmAr.exe V5.06 update 3 (build 300)
Hex Converter:   FromElf.exe V5.06 update 3 (build 300)
CPU DLL:         SARMCM3.DLL V5.29.0.0
Dialog DLL:      DARMCM1.DLL V1.19.2.0
Target DLL:      STLink\ST-LINKIII-KEIL_SWO.dll V3.0.7.0
Dialog DLL:      TARMCM1.DLL V1.14.1.0
 
<h2>Project:</h2>
C:\Keil_v5\workspace\AistKorm\MDK-ARM\usart_031.uvprojx
Project File Date:  11/20/2019

<h2>Output:</h2>
*** Using Compiler 'V5.06 update 3 (build 300)', folder: 'C:\Keil_v5\ARM\ARMCC\Bin'
Build target 'usart_031'
compiling main.c...
../Src/main.c(1019): warning:  #223-D: function "strlen" declared implicitly
  	p1=strlen(l1);
../Src/main.c(1039): warning:  #223-D: function "strlen" declared implicitly
  	p1=strlen(l1);
../Src/main.c(1069): warning:  #223-D: function "strlen" declared implicitly
  	p1=strlen(l1);
../Src/main.c(1280): warning:  #177-D: variable "GPIO_InitStructure" was declared but never referenced
    GPIO_InitTypeDef GPIO_InitStructure;
../Src/main.c(3119): warning:  #177-D: variable "dt" was declared but never referenced
  		uint8_t dt=0;
../Src/main.c(1445): warning:  #177-D: variable "a" was declared but never referenced
  	uint8_t a[5]={1,2,3,4,5};
../Src/main.c(1278): warning:  #177-D: function "SystemPower_Config2" was declared but never referenced
  static void SystemPower_Config2(void)
../Src/main.c: 7 warnings, 0 errors
linking...
Program Size: Code=21592 RO-data=2460 RW-data=120 ZI-data=1992  
FromELF: creating hex file...
"usart_031\usart_031.axf" - 0 Error(s), 7 Warning(s).

<h2>Software Packages used:</h2>

Package Vendor: ARM
                http://www.keil.com/pack/ARM.CMSIS.4.5.0.pack
                ARM.CMSIS.4.5.0
                CMSIS (Cortex Microcontroller Software Interface Standard)
   * Component: CORE Version: 4.3.0

Package Vendor: Keil
                http://www.keil.com/pack/Keil.STM32L0xx_DFP.1.5.0.pack
                Keil.STM32L0xx_DFP.1.5.0
                STMicroelectronics STM32L0 Series Device Support and Examples

<h2>Collection of Component include folders:</h2>
  .\RTE\_usart_031
  C:\Users\AlexanderGrishin\AppData\Local\Arm\Packs\ARM\CMSIS\4.5.0\CMSIS\Include
  C:\Users\AlexanderGrishin\AppData\Local\Arm\Packs\Keil\STM32L0xx_DFP\1.5.0\Device\Include

<h2>Collection of Component Files used:</h2>

   * Component: ARM::CMSIS:CORE:4.3.0
Build Time Elapsed:  00:00:02
</pre>
</body>
</html>
